// Jest Snapshot v1, https://goo.gl/fbAQLP

exports[`BackgroundCard renders correctly 1`] = `
.emotion-2 {
  position: relative;
  display: -webkit-box;
  display: -webkit-flex;
  display: -ms-flexbox;
  display: flex;
  -webkit-flex-direction: row;
  -ms-flex-direction: row;
  flex-direction: row;
  -webkit-flex-wrap: wrap;
  -ms-flex-wrap: wrap;
  flex-wrap: wrap;
  -webkit-box-pack: center;
  -webkit-justify-content: center;
  -ms-flex-pack: center;
  justify-content: center;
}

@media (min-width:768px) {
  .emotion-2 {
    -webkit-flex-wrap: nowrap;
    -ms-flex-wrap: nowrap;
    flex-wrap: nowrap;
  }
}

.emotion-2 .DefaultCard {
  color: #fff;
  text-align: center;
  -webkit-text-decoration: none;
  text-decoration: none;
  text-shadow: 2px 2px 2px rgba(0,0,0,0.3);
  background: linear-gradient(rgba(0,0,0,0.35),rgba(0,0,0,0.35)), url(hills.svg);
  background-size: cover;
  background-position-x: center;
  background-position-y: 70%;
}

.emotion-2 .DefaultCard:hover {
  background: linear-gradient(rgba(0,0,0,0.25),rgba(0,0,0,0.25)),url(hills.svg);
  background-size: cover;
  background-position-x: center;
  background-position-y: 55%;
}

.emotion-1 {
  display: -webkit-box;
  display: -webkit-flex;
  display: -ms-flexbox;
  display: flex;
  -webkit-flex-wrap: wrap;
  -ms-flex-wrap: wrap;
  flex-wrap: wrap;
  box-shadow: 0 1px 3px 0 rgba(0,0,0,0.1),0 1px 2px 0 rgba(0,0,0,0.06);
  background-color: #fff;
  position: relative;
  font-family: montserrat;
  -webkit-transition: 0.35s;
  transition: 0.35s;
}

.emotion-0 {
  padding: 1rem;
  width: 100%;
  font-size: 1.125rem;
}

.emotion-0 h1,
.emotion-0 h2,
.emotion-0 h3,
.emotion-0 h4,
.emotion-0 h5 {
  font-size: 1.5rem;
  font-family: Rubik;
}

<div
  className="emotion-2"
>
  <div
    className="DefaultCard emotion-1"
    to=""
  >
    
    <div
      className="emotion-0"
    >
      <h4>
        
      </h4>
      <p>
        
      </p>
    </div>
  </div>
  
</div>
`;
